[2026-08-12 00:14:18] ModuleNotFoundError: No module named 'requests'
Traceback (most recent call last):
  File "C:\Users\ajkle\OneDrive\Documents\Q-ALPHA\candidates/pre_market_scanner.py", line 488, in main
    tickers = load_universe(api_key)
  File "C:\Users\ajkle\OneDrive\Documents\Q-ALPHA\candidates/pre_market_scanner.py", line 172, in load_universe
    tickers = build_universe_screener(api_key)
  File "C:\Users\ajkle\OneDrive\Documents\Q-ALPHA\candidates/pre_market_scanner.py", line 113, in build_universe_screener
    data = polygon_get(url, params, api_key, timeout=30)
  File "C:\Users\ajkle\OneDrive\Documents\Q-ALPHA\candidates/pre_market_scanner.py", line 88, in polygon_get
    import requests
ModuleNotFoundError: No module named 'requests'

[2026-08-12 00:15:44] ExecutionError: Could not deserialize remote exception due to local error:
Deserialization failed because the 'requests' module is not available in the local environment.
This can happen if your local environment does not have the remote exception definitions.
Here is the remote traceback:
Traceback (most recent call last):
  File "/root/pre_market_scanner.py", line 479, in run_premarket_scan
    return run_scan_core(api_key, bot_token, chat_id, tickers=tickers)
           ^^^^^^^^^^^^^^^^^^^^^^^^^^^^^^^^^^^^^^^^^^^^^^^^^^^^^^^^^^^
  File "/root/pre_market_scanner.py", line 447, in run_scan_core
    send_telegram(msg, bot_token, chat_id)
  File "/root/pre_market_scanner.py", line 338, in send_telegram
    resp.raise_for_status()
  File "/usr/local/lib/python3.12/site-packages/requests/models.py", line 1167, in raise_for_status
    raise HTTPError(http_error_msg, response=self)
requests.exceptions.HTTPError: 400 Client Error: Bad Request for url: https://api.telegram.org/bot8552689085:AAHzIngo2-StMhHlDjDwBk6Y_7afpweeqUI/sendMessage

During handling of the above exception, another exception occurred:

Traceback (most recent call last):
  File "/pkg/modal/_runtime/container_io_manager.py", line 894, in handle_input_exception
    yield
  File "/pkg/modal/_container_entrypoint.py", line 187, in run_input_sync
    values = io_context.call_function_sync()
             ^^^^^^^^^^^^^^^^^^^^^^^^^^^^^^^
  File "/pkg/modal/_runtime/container_io_manager.py", line 215, in call_function_sync
    expected_value_or_values = self.finalized_function.callable(*args, **kwargs)
                               ^^^^^^^^^^^^^^^^^^^^^^^^^^^^^^^^^^^^^^^^^^^^^^^^^
  File "/root/pre_market_scanner.py", line 482, in run_premarket_scan
    send_telegram(f"⚠️ Q-ALPHA SCANNER ERROR: {err_msg}", bot_token, chat_id)
  File "/root/pre_market_scanner.py", line 338, in send_telegram
    resp.raise_for_status()
  File "/usr/local/lib/python3.12/site-packages/requests/models.py", line 1167, in raise_for_status
    raise HTTPError(http_error_msg, response=self)
requests.exceptions.HTTPError: 400 Client Error: Bad Request for url: https://api.telegram.org/bot8552689085:AAHzIngo2-StMhHlDjDwBk6Y_7afpweeqUI/sendMessage

Traceback (most recent call last):
  File "C:\Users\ajkle\AppData\Local\Python\pythoncore-3.14-64\Lib\site-packages\modal\_serialization.py", line 115, in deserialize
    return Unpickler(client, io.BytesIO(s)).load()
           ~~~~~~~~~~~~~~~~~~~~~~~~~~~~~~~~~~~~~^^
ModuleNotFoundError: No module named 'requests'

The above exception was the direct cause of the following exception:

Traceback (most recent call last):
  File "C:\Users\ajkle\OneDrive\Documents\Q-ALPHA\candidates\pre_market_scanner.py", line 504, in main
    result = run_premarket_scan.remote(cached, bot_token, chat_id)
  File "C:\Users\ajkle\AppData\Local\Python\pythoncore-3.14-64\Lib\site-packages\modal\_object.py", line 46, in wrapped
    return await method(self, *args, **kwargs)
           ^^^^^^^^^^^^^^^^^^^^^^^^^^^^^^^^^^^
  File "C:\Users\ajkle\AppData\Local\Python\pythoncore-3.14-64\Lib\site-packages\modal\_functions.py", line 1789, in remote
    return await self._call_function(args, kwargs)
           ^^^^^^^^^^^^^^^^^^^^^^^^^^^^^^^^^^^^^^^
  File "C:\Users\ajkle\AppData\Local\Python\pythoncore-3.14-64\Lib\site-packages\modal\_functions.py", line 1727, in _call_function
    return await invocation.run_function()
           ^^^^^^^^^^^^^^^^^^^^^^^^^^^^^^^
  File "C:\Users\ajkle\AppData\Local\Python\pythoncore-3.14-64\Lib\site-packages\modal\_functions.py", line 498, in run_function
    return await _process_result(
           ^^^^^^^^^^^^^^^^^^^^^^
        await_response.output.result, await_response.output.data_format, self.client.stub, self.client
        ^^^^^^^^^^^^^^^^^^^^^^^^^^^^^^^^^^^^^^^^^^^^^^^^^^^^^^^^^^^^^^^^^^^^^^^^^^^^^^^^^^^^^^^^^^^^^^
    )
    ^
  File "C:\Users\ajkle\AppData\Local\Python\pythoncore-3.14-64\Lib\site-packages\modal\_utils\function_utils.py", line 523, in _process_result
    raise ExecutionError(
    ...<5 lines>...
    ) from deser_exc.__cause__
modal.exception.ExecutionError: Could not deserialize remote exception due to local error:
Deserialization failed because the 'requests' module is not available in the local environment.
This can happen if your local environment does not have the remote exception definitions.
Here is the remote traceback:
Traceback (most recent call last):
  File "/root/pre_market_scanner.py", line 479, in run_premarket_scan
    return run_scan_core(api_key, bot_token, chat_id, tickers=tickers)
           ^^^^^^^^^^^^^^^^^^^^^^^^^^^^^^^^^^^^^^^^^^^^^^^^^^^^^^^^^^^
  File "/root/pre_market_scanner.py", line 447, in run_scan_core
    send_telegram(msg, bot_token, chat_id)
  File "/root/pre_market_scanner.py", line 338, in send_telegram
    resp.raise_for_status()
  File "/usr/local/lib/python3.12/site-packages/requests/models.py", line 1167, in raise_for_status
    raise HTTPError(http_error_msg, response=self)
requests.exceptions.HTTPError: 400 Client Error: Bad Request for url: https://api.telegram.org/bot8552689085:AAHzIngo2-StMhHlDjDwBk6Y_7afpweeqUI/sendMessage

During handling of the above exception, another exception occurred:

Traceback (most recent call last):
  File "/pkg/modal/_runtime/container_io_manager.py", line 894, in handle_input_exception
    yield
  File "/pkg/modal/_container_entrypoint.py", line 187, in run_input_sync
    values = io_context.call_function_sync()
             ^^^^^^^^^^^^^^^^^^^^^^^^^^^^^^^
  File "/pkg/modal/_runtime/container_io_manager.py", line 215, in call_function_sync
    expected_value_or_values = self.finalized_function.callable(*args, **kwargs)
                               ^^^^^^^^^^^^^^^^^^^^^^^^^^^^^^^^^^^^^^^^^^^^^^^^^
  File "/root/pre_market_scanner.py", line 482, in run_premarket_scan
    send_telegram(f"⚠️ Q-ALPHA SCANNER ERROR: {err_msg}", bot_token, chat_id)
  File "/root/pre_market_scanner.py", line 338, in send_telegram
    resp.raise_for_status()
  File "/usr/local/lib/python3.12/site-packages/requests/models.py", line 1167, in raise_for_status
    raise HTTPError(http_error_msg, response=self)
requests.exceptions.HTTPError: 400 Client Error: Bad Request for url: https://api.telegram.org/bot8552689085:AAHzIngo2-StMhHlDjDwBk6Y_7afpweeqUI/sendMessage


[2026-08-12 00:42:28] RuntimeError: AttributeError: 'NoneType' object has no attribute '__dict__'
Traceback (most recent call last):
  File "C:\Users\ajkle\OneDrive\Documents\Q-ALPHA\candidates\pre_market_scanner.py", line 590, in main
    result = run_premarket_scan.remote(
        cached, bot_token, chat_id, pool_state=pool_state
    )
  File "C:\Users\ajkle\AppData\Local\Python\pythoncore-3.14-64\Lib\site-packages\modal\_object.py", line 46, in wrapped
    return await method(self, *args, **kwargs)
           ^^^^^^^^^^^^^^^^^^^^^^^^^^^^^^^^^^^
  File "C:\Users\ajkle\AppData\Local\Python\pythoncore-3.14-64\Lib\site-packages\modal\_functions.py", line 1789, in remote
    return await self._call_function(args, kwargs)
           ^^^^^^^^^^^^^^^^^^^^^^^^^^^^^^^^^^^^^^^
  File "C:\Users\ajkle\AppData\Local\Python\pythoncore-3.14-64\Lib\site-packages\modal\_functions.py", line 1727, in _call_function
    return await invocation.run_function()
           ^^^^^^^^^^^^^^^^^^^^^^^^^^^^^^^
  File "C:\Users\ajkle\AppData\Local\Python\pythoncore-3.14-64\Lib\site-packages\modal\_functions.py", line 498, in run_function
    return await _process_result(
           ^^^^^^^^^^^^^^^^^^^^^^
        await_response.output.result, await_response.output.data_format, self.client.stub, self.client
        ^^^^^^^^^^^^^^^^^^^^^^^^^^^^^^^^^^^^^^^^^^^^^^^^^^^^^^^^^^^^^^^^^^^^^^^^^^^^^^^^^^^^^^^^^^^^^^
    )
    ^
  File "C:\Users\ajkle\AppData\Local\Python\pythoncore-3.14-64\Lib\site-packages\modal\_utils\function_utils.py", line 548, in _process_result
    raise exc_with_hints(exc)
  File "<ta-01KZT4E1R19HDM1TCEMJA4EFWR>:/root/pre_market_scanner.py", line 563, in run_premarket_scan
RuntimeError: AttributeError: 'NoneType' object has no attribute '__dict__'

